Constants:
	const (
		SingleByteAttr_Type radius.Type = 104
	)
Functions:
		func SingleByteAttr_Add(p *radius.Packet, value byte) (err error)
		func SingleByteAttr_Del(p *radius.Packet)
		func SingleByteAttr_Get(p *radius.Packet) (value byte)
		func SingleByteAttr_Gets(p *radius.Packet) (values []byte, err error)
		func SingleByteAttr_Lookup(p *radius.Packet) (value byte, err error)
		func SingleByteAttr_Set(p *radius.Packet, value byte) (err error)
